// Jest Snapshot v1, https://goo.gl/fbAQLP

exports[`Check Navbar`] = `
<nav>
  <div
    className="rightNav"
  >
    <img
      alt="logo"
      className="logo"
      src="planet.png"
    />
    <h1>
      Space Travelers' Hub
    </h1>
  </div>
  <ul
    className="links"
  >
    <li
      className="linkLi"
    >
      <a
        aria-current="page"
        className="active"
        href="/"
        onClick={[Function]}
      >
        Rockets
      </a>
    </li>
    <li
      className="linkLi"
    >
      <a
        className="link"
        href="/missions"
        onClick={[Function]}
      >
        Missions
      </a>
    </li>
    <li
      className="linkLi"
    >
      <a
        className="link"
        href="/profile"
        onClick={[Function]}
      >
        My Profile
      </a>
    </li>
  </ul>
</nav>
`;

exports[`Check if Navbar renders correctly 1`] = `
<nav>
  <div
    className="rightNav"
  >
    <img
      alt="logo"
      className="logo"
      src="planet.png"
    />
    <h1>
      Space Travelers' Hub
    </h1>
  </div>
  <ul
    className="links"
  >
    <li
      className="linkLi"
    >
      <a
        aria-current="page"
        className="active"
        href="/"
        onClick={[Function]}
      >
        Rockets
      </a>
    </li>
    <li
      className="linkLi"
    >
      <a
        className="link"
        href="/missions"
        onClick={[Function]}
      >
        Missions
      </a>
    </li>
    <li
      className="linkLi"
    >
      <a
        className="link"
        href="/profile"
        onClick={[Function]}
      >
        My Profile
      </a>
    </li>
  </ul>
</nav>
`;
